HI-TECH Software C Compiler 

Linker command line:

--edf=D:\EmbeddedTools\MS_MCU\HI-TECH Software\PICC\9.83\dat\en_msgs.txt \
  -cs -h+ms83f080_barlight.sym -z -Q16F685 -ol.obj -Mms83f080_barlight.map \
  -E1 -ACONST=00h-0FFhx8 -ACODE=00h-07FFh -ASTRCODE=00h-07FFh \
  -AENTRY=00h-0FFhx8 -ASTRING=00h-0FFhx8 -ABANK0=020h-06Fh \
  -ABANK1=0A0h-0BFh -ARAM=020h-06Fh,0A0h-0BFh -AABS1=020h-07Fh,0A0h-0BFh \
  -ACOMMON=070h-07Fh -ASFR0=00h-01Fh -ASFR1=080h-09Fh -ASFR2=0100h-016Fh \
  -preset_vec=00h,intentry=04h,init,end_init -ppowerup=CODE -pfunctab=CODE \
  -ACONFIG=02007h-02007h -pconfig=CONFIG -DCONFIG=2 -AIDLOC=02000h-02003h \
  -pidloc=IDLOC -DIDLOC=2 -AEEDATA=00h-0FFh/02100h -peeprom_data=EEDATA \
  -DEEDATA=2 -DCODE=2 -DSTRCODE=2 -DSTRING=2 -DCONST=2 -DENTRY=2 -k \
  startup.obj ms83f080_barlight.obj 

Object code version is 3.10

Machine type is 16F685



                Name                               Link     Load   Length Selector   Space Scale
startup.obj     end_init                              A        A        1        8       0
                reset_vec                             0        0        1        0       0
ms83f080_barlight.obj
                intentry                              4        4        6        8       0
                text96                              170      170        7        8       0
                text95                              167      167        9        8       0
                text94                              104      104       1F        8       0
                text93                              152      152       15        8       0
                swtext1                             177      177        5      2EE       0
                text92                                B        B       91        8       0
                text91                              123      123       18        8       0
                text90                              13B      13B       17        8       0
                maintext                             9C       9C       68        8       0
                cstackCOMMON                         70       70        8       70       1
                bssCOMMON                            78       78        2       70       1
                cinit                               17C      17C        4      2F8       0

TOTAL           Name                               Link     Load   Length     Space
        CLASS   CONST          
                swtext1                             177      177        5         0

        CLASS   CODE           
                end_init                              A        A        1         0
                intentry                              4        4        6         0
                reset_vec                             0        0        1         0
                text96                              170      170        7         0
                text95                              167      167        9         0
                text94                              104      104       1F         0
                text93                              152      152       15         0
                text92                                B        B       91         0
                text91                              123      123       18         0
                text90                              13B      13B       17         0
                maintext                             9C       9C       68         0
                cinit                               17C      17C        4         0

        CLASS   STRCODE        

        CLASS   ENTRY          

        CLASS   STRING         

        CLASS   BANK0          

        CLASS   BANK1          

        CLASS   RAM            

        CLASS   ABS1           
                abs_s1                               7E       7E        2         1
                abs_s1                              18C      18C        1         1
                abs_s1                              19D      19D        2         1

        CLASS   COMMON         
                cstackCOMMON                         70       70        8         1
                bssCOMMON                            78       78        2         1

        CLASS   SFR0           

        CLASS   SFR1           

        CLASS   SFR2           

        CLASS   CONFIG         

        CLASS   IDLOC          

        CLASS   EEDATA         

        CLASS   BANK2          



SEGMENTS        Name                           Load    Length   Top    Selector   Space  Class     Delta

                reset_vec                      000000  000001  000001         0       0  CODE        2
                intentry                       000004  000173  000177         8       0  CODE        2
                cstackCOMMON                   000070  00000A  00007A        70       1  COMMON      1
                swtext1                        000177  000005  00017C       2EE       0  CONST       2
                cinit                          00017C  000004  000180       2F8       0  CODE        2


UNUSED ADDRESS RANGES

        Name                Unused          Largest block    Delta
        BANK0            020-06F            50           1
        BANK1            0A0-0BF            20           1
        CODE             001-003             3           2
                         180-7FF           680
        COMMON           07A-07D             4           1
        CONFIG           2007-2007             1           2
        CONST            001-003             3           2
                         180-7FF           100
        EEDATA           2100-21FF           100           2
        ENTRY            001-003             3           2
                         180-7FF           100
        IDLOC            2000-2003             4           2
        RAM              020-06F            50           1
                         0A0-0BF            20
        SFR0             000-01F            20           1
        SFR1             080-09F            20           1
        SFR2             100-16F            70           1
        STRCODE          001-003             3           2
                         180-7FF           680
        STRING           001-003             3           2
                         180-7FF           100

                                  Symbol Table

??_ADC_Init           cstackCOMMON 078  ??_Delay_xms          cstackCOMMON 074
??_GPIO_Init          cstackCOMMON 072  ??_GetADCValue        cstackCOMMON 074
??_ISR                cstackCOMMON 070  ??_LED_Contrl         cstackCOMMON 072
??_System_init        cstackCOMMON 072  ??_main               cstackCOMMON 078
?_ADC_Init            cstackCOMMON 070  ?_Delay_xms           cstackCOMMON 072
?_GPIO_Init           cstackCOMMON 070  ?_GetADCValue         cstackCOMMON 072
?_ISR                 cstackCOMMON 070  ?_LED_Contrl          cstackCOMMON 070
?_System_init         cstackCOMMON 070  ?_main                cstackCOMMON 070
Delay_xms@i           cstackCOMMON 076  Delay_xms@x           cstackCOMMON 072
GetADCValue@ADC_num   cstackCOMMON 074  LED_Contrl@num_t      cstackCOMMON 072
_ADCON0               (abs)        01F  _ADCS0                (abs)        4FC
_ADCS1                (abs)        4FD  _ADCS2                (abs)        4FE
_ADC_Class            bssCOMMON    078  _ADC_Init             text90       13B
_ADFM                 (abs)        0FF  _ADON                 (abs)        0F8
_ADRESH               (abs)        01E  _ADRESL               (abs)        09E
_ANSEL0               (abs)        488  _ANSEL1               (abs)        489
_ANSEL2               (abs)        48A  _ANSEL3               (abs)        48B
_ANSEL4               (abs)        48C  _ANSEL5               (abs)        48D
_ANSEL6               (abs)        48E  _ANSEL7               (abs)        48F
_C1SEN                (abs)        CF5  _C2REN                (abs)        CF4
_CHS0                 (abs)        0FA  _CHS1                 (abs)        0FB
_CHS2                 (abs)        0FC  _CM0                  (abs)        0C8
_CM1                  (abs)        0C9  _CM2                  (abs)        0CA
_DIVS                 (abs)        4FF  _Delay_xms            text91       123
_EEPGD                (abs)        C67  _GO_DONE              (abs)        0F9
_GPIO_Init            text94       104  _GetADCValue          text93       152
_ISR                  text96       170  _LED_Contrl           text92       00B
_OPTION               (abs)        081  _OSCCON               (abs)        08F
_PA0                  (abs)        028  _PA1                  (abs)        029
_PA6                  (abs)        02E  _PC1                  (abs)        039
_PC3                  (abs)        03B  _PSTRCON              (abs)        19D
_PULSR                (abs)        CF2  _PULSS                (abs)        CF3
_SR0                  (abs)        CF6  _SR1                  (abs)        CF7
_SRCON                (abs)        19E  _STRA                 (abs)        CE8
_STRB                 (abs)        CE9  _STRC                 (abs)        CEA
_STRD                 (abs)        CEB  _STRSYNC              (abs)        CEC
_System_init          text95       167  _TRISA0               (abs)        428
_TRISA1               (abs)        429  _TRISA6               (abs)        42E
_TRISC1               (abs)        439  _TRISC2               (abs)        43A
_TRISC3               (abs)        43B  _VCFG0                (abs)        0FD
_WDTCON               (abs)        018  _WPDA4                (abs)        44C
_WPDC1                (abs)        44B  _WPDC2                (abs)        44A
_WPDC3                (abs)        449  _WPUA0                (abs)        4A8
_WPUA1                (abs)        4A9  _WPUA6                (abs)        4AE
_WPUC1                (abs)        441  _WPUC2                (abs)        442
_WPUC3                (abs)        443  _WREN                 (abs)        C62
__Habs1               abs1         000  __Hbank0              bank0        000
__Hbank1              bank1        000  __Hbank2              bank2        000
__HbssCOMMON          bssCOMMON    000  __Hcinit              cinit        000
__Hclrtext            clrtext      000  __Hcode               code         000
__Hcommon             common       000  __Hconfig             config       000
__HcstackCOMMON       cstackCOMMON 000  __Heeprom_data        eeprom_data  000
__Hend_init           end_init     00B  __Hfunctab            functab      000
__Hidloc              idloc        000  __Hinit               init         00A
__Hintentry           intentry     00A  __Hmaintext           maintext     000
__Hpa_nodes           pa_nodes     000  __Hpowerup            powerup      000
__Hram                ram          000  __Hreset_vec          reset_vec    001
__Hsfr0               sfr0         000  __Hsfr1               sfr1         000
__Hsfr2               sfr2         000  __Hstrings            strings      000
__Htext               text         000  __Labs1               abs1         000
__Lbank0              bank0        000  __Lbank1              bank1        000
__Lbank2              bank2        000  __LbssCOMMON          bssCOMMON    000
__Lcinit              cinit        000  __Lclrtext            clrtext      000
__Lcode               code         000  __Lcommon             common       000
__Lconfig             config       000  __LcstackCOMMON       cstackCOMMON 000
__Leeprom_data        eeprom_data  000  __Lend_init           end_init     00A
__Lfunctab            functab      000  __Lidloc              idloc        000
__Linit               init         00A  __Lintentry           intentry     004
__Lmaintext           maintext     000  __Lpa_nodes           pa_nodes     000
__Lpowerup            powerup      000  __Lram                ram          000
__Lreset_vec          reset_vec    000  __Lsfr0               sfr0         000
__Lsfr1               sfr1         000  __Lsfr2               sfr2         000
__Lstrings            strings      000  __Ltext               text         000
__S0                  (abs)        180  __S1                  (abs)        07A
__S2                  (abs)        000  __end_of_ADC_Init     text90       152
__end_of_Delay_xms    text91       13B  __end_of_GPIO_Init    text94       123
__end_of_GetADCValue  text93       167  __end_of_ISR          text96       177
__end_of_LED_Contrl   text92       09C  __end_of_System_init  text95       170
__end_of_main         maintext     104  __pbssCOMMON          bssCOMMON    078
__pcstackCOMMON       cstackCOMMON 070  __pintentry           intentry     004
__pmaintext           maintext     09C  __pswtext1            swtext1      177
__ptext89             text89       000  __ptext90             text90       13B
__ptext91             text91       123  __ptext92             text92       00B
__ptext93             text93       152  __ptext94             text94       104
__ptext95             text95       167  __ptext96             text96       170
__ptext97             text97       000  __size_of_ADC_Init    (abs)        000
__size_of_Delay_xms   (abs)        000  __size_of_GPIO_Init   (abs)        000
__size_of_GetADCValue (abs)        000  __size_of_ISR         (abs)        000
__size_of_LED_Contrl  (abs)        000  __size_of_System_init (abs)        000
__size_of_main        (abs)        000  _exit                 init         00A
_main                 maintext     09C  btemp                 (abs)        07E
end_of_initialization cinit        17E  i1l1091                               
interrupt_function    intentry     004  intlevel0             functab      000
intlevel1             functab      000  intlevel2             functab      000
intlevel3             functab      000  intlevel4             functab      000
intlevel5             functab      000  l2160                                 
l2164                                   l3234                                 
l3237                                   l3243                                 
l5349                                   l5351                                 
l5353                                   l5355                                 
l5357                                   l5359                                 
l5363                                   l5367                                 
l5377                                   l5381                                 
l5383                                   l5387                                 
l5389                                   l5391                                 
l5393                                   l5395                                 
l5397                                   l5399                                 
l5401                                   l5403                                 
l5405                                   l5407                                 
l5409                                   l5411                                 
l5413                                   l5417                                 
l5419                                   l5421                                 
reset_vec             reset_vec    000  saved_w               (abs)        07E
start                 init         00A  start_initialization  cinit        17C
wtemp0                (abs)        07E  
